// Jest Snapshot v1, https://goo.gl/fbAQLP

exports[`ItemLoading should render 1`] = `
ShallowWrapper {
  Symbol(enzyme.__root__): [Circular],
  Symbol(enzyme.__unrendered__): <ItemLoading
    detailsUrl=""
    imageUrl=""
    metadata=""
    name=""
  />,
  Symbol(enzyme.__renderer__): Object {
    "batchedUpdates": [Function],
    "checkPropTypes": [Function],
    "getNode": [Function],
    "render": [Function],
    "simulateError": [Function],
    "simulateEvent": [Function],
    "unmount": [Function],
  },
  Symbol(enzyme.__node__): Object {
    "instance": null,
    "key": undefined,
    "nodeType": "function",
    "props": Object {
      "children": <ForwardRef>
        <ForwardRef>
          <ForwardRef />
        </ForwardRef>
        <ForwardRef>
          <ForwardRef />
        </ForwardRef>
        <ForwardRef />
      </ForwardRef>,
      "className": undefined,
    },
    "ref": null,
    "rendered": Object {
      "instance": null,
      "key": undefined,
      "nodeType": "function",
      "props": Object {
        "children": Array [
          <ForwardRef>
            <ForwardRef />
          </ForwardRef>,
          <ForwardRef>
            <ForwardRef />
          </ForwardRef>,
          <ForwardRef />,
        ],
      },
      "ref": null,
      "rendered": Array [
        Object {
          "instance": null,
          "key": undefined,
          "nodeType": "function",
          "props": Object {
            "children": <ForwardRef />,
          },
          "ref": null,
          "rendered": Object {
            "instance": null,
            "key": undefined,
            "nodeType": "function",
            "props": Object {},
            "ref": null,
            "rendered": null,
            "type": Object {
              "$$typeof": Symbol(react.forward_ref),
              "attrs": Array [],
              "componentStyle": ComponentStyle {
                "componentId": "sc-iwsKbI",
                "isStatic": true,
                "rules": Array [
                  "
	display: flex;
	align-items: flex-start;
	margin: ",
                  "8px",
                  " 0;
",
                ],
              },
              "displayName": "styled.div",
              "foldedComponentIds": Array [],
              "render": [Function],
              "styledComponentId": "sc-iwsKbI",
              "target": "div",
              "toString": [Function],
              "warnTooManyClasses": [Function],
              "withComponent": [Function],
            },
          },
          "type": Object {
            "$$typeof": Symbol(react.forward_ref),
            "attrs": Array [],
            "componentStyle": ComponentStyle {
              "componentId": "sc-VigVT",
              "isStatic": true,
              "rules": Array [
                "
	background: ",
                "#EDEDED",
                ";
	width: 220px;
	height: 14px;
",
              ],
            },
            "displayName": "styled.div",
            "foldedComponentIds": Array [],
            "render": [Function],
            "styledComponentId": "sc-VigVT",
            "target": "div",
            "toString": [Function],
            "warnTooManyClasses": [Function],
            "withComponent": [Function],
          },
        },
        Object {
          "instance": null,
          "key": undefined,
          "nodeType": "function",
          "props": Object {
            "children": <ForwardRef />,
          },
          "ref": null,
          "rendered": Object {
            "instance": null,
            "key": undefined,
            "nodeType": "function",
            "props": Object {},
            "ref": null,
            "rendered": null,
            "type": Object {
              "$$typeof": Symbol(react.forward_ref),
              "attrs": Array [],
              "componentStyle": ComponentStyle {
                "componentId": "sc-gqjmRU",
                "isStatic": true,
                "rules": Array [
                  "
	display: block;
	background: ",
                  "#EDEDED",
                  ";
	width: 220px;
	height: ",
                  "24px",
                  ";
",
                ],
              },
              "displayName": "styled.span",
              "foldedComponentIds": Array [],
              "render": [Function],
              "styledComponentId": "sc-gqjmRU",
              "target": "span",
              "toString": [Function],
              "warnTooManyClasses": [Function],
              "withComponent": [Function],
            },
          },
          "type": Object {
            "$$typeof": Symbol(react.forward_ref),
            "attrs": Array [],
            "componentStyle": ComponentStyle {
              "componentId": "sc-dnqmqq",
              "isStatic": true,
              "rules": Array [
                "
	color: ",
                "#4A4A4A",
                ";
	line-height: 1.4;
	margin: ",
                "12px",
                " 0;
",
              ],
            },
            "displayName": "styled.p",
            "foldedComponentIds": Array [],
            "render": [Function],
            "styledComponentId": "sc-dnqmqq",
            "target": "p",
            "toString": [Function],
            "warnTooManyClasses": [Function],
            "withComponent": [Function],
          },
        },
        Object {
          "instance": null,
          "key": undefined,
          "nodeType": "function",
          "props": Object {},
          "ref": null,
          "rendered": null,
          "type": Object {
            "$$typeof": Symbol(react.forward_ref),
            "attrs": Array [],
            "componentStyle": ComponentStyle {
              "componentId": "sc-jTzLTM",
              "isStatic": true,
              "rules": Array [
                "
	background: ",
                "#EDEDED",
                ";
	width: 80px;
	height: 14px;
",
              ],
            },
            "displayName": "styled.div",
            "foldedComponentIds": Array [],
            "render": [Function],
            "styledComponentId": "sc-jTzLTM",
            "target": "div",
            "toString": [Function],
            "warnTooManyClasses": [Function],
            "withComponent": [Function],
          },
        },
      ],
      "type": Object {
        "$$typeof": Symbol(react.forward_ref),
        "attrs": Array [],
        "componentStyle": ComponentStyle {
          "componentId": "sc-bZQynM",
          "isStatic": true,
          "rules": Array [
            "
	margin: ",
            "8px",
            ";
",
          ],
        },
        "displayName": "styled.div",
        "foldedComponentIds": Array [],
        "render": [Function],
        "styledComponentId": "sc-bZQynM",
        "target": "div",
        "toString": [Function],
        "warnTooManyClasses": [Function],
        "withComponent": [Function],
      },
    },
    "type": Object {
      "$$typeof": Symbol(react.forward_ref),
      "attrs": Array [],
      "componentStyle": ComponentStyle {
        "componentId": "sc-EHOje",
        "isStatic": true,
        "rules": Array [
          "
	display: flex;
	border: 1px solid ",
          "#EDEDED",
          ";
",
        ],
      },
      "displayName": "styled.div",
      "foldedComponentIds": Array [],
      "render": [Function],
      "styledComponentId": "sc-EHOje",
      "target": "div",
      "toString": [Function],
      "warnTooManyClasses": [Function],
      "withComponent": [Function],
    },
  },
  Symbol(enzyme.__nodes__): Array [
    Object {
      "instance": null,
      "key": undefined,
      "nodeType": "function",
      "props": Object {
        "children": <ForwardRef>
          <ForwardRef>
            <ForwardRef />
          </ForwardRef>
          <ForwardRef>
            <ForwardRef />
          </ForwardRef>
          <ForwardRef />
        </ForwardRef>,
        "className": undefined,
      },
      "ref": null,
      "rendered": Object {
        "instance": null,
        "key": undefined,
        "nodeType": "function",
        "props": Object {
          "children": Array [
            <ForwardRef>
              <ForwardRef />
            </ForwardRef>,
            <ForwardRef>
              <ForwardRef />
            </ForwardRef>,
            <ForwardRef />,
          ],
        },
        "ref": null,
        "rendered": Array [
          Object {
            "instance": null,
            "key": undefined,
            "nodeType": "function",
            "props": Object {
              "children": <ForwardRef />,
            },
            "ref": null,
            "rendered": Object {
              "instance": null,
              "key": undefined,
              "nodeType": "function",
              "props": Object {},
              "ref": null,
              "rendered": null,
              "type": Object {
                "$$typeof": Symbol(react.forward_ref),
                "attrs": Array [],
                "componentStyle": ComponentStyle {
                  "componentId": "sc-iwsKbI",
                  "isStatic": true,
                  "rules": Array [
                    "
	display: flex;
	align-items: flex-start;
	margin: ",
                    "8px",
                    " 0;
",
                  ],
                },
                "displayName": "styled.div",
                "foldedComponentIds": Array [],
                "render": [Function],
                "styledComponentId": "sc-iwsKbI",
                "target": "div",
                "toString": [Function],
                "warnTooManyClasses": [Function],
                "withComponent": [Function],
              },
            },
            "type": Object {
              "$$typeof": Symbol(react.forward_ref),
              "attrs": Array [],
              "componentStyle": ComponentStyle {
                "componentId": "sc-VigVT",
                "isStatic": true,
                "rules": Array [
                  "
	background: ",
                  "#EDEDED",
                  ";
	width: 220px;
	height: 14px;
",
                ],
              },
              "displayName": "styled.div",
              "foldedComponentIds": Array [],
              "render": [Function],
              "styledComponentId": "sc-VigVT",
              "target": "div",
              "toString": [Function],
              "warnTooManyClasses": [Function],
              "withComponent": [Function],
            },
          },
          Object {
            "instance": null,
            "key": undefined,
            "nodeType": "function",
            "props": Object {
              "children": <ForwardRef />,
            },
            "ref": null,
            "rendered": Object {
              "instance": null,
              "key": undefined,
              "nodeType": "function",
              "props": Object {},
              "ref": null,
              "rendered": null,
              "type": Object {
                "$$typeof": Symbol(react.forward_ref),
                "attrs": Array [],
                "componentStyle": ComponentStyle {
                  "componentId": "sc-gqjmRU",
                  "isStatic": true,
                  "rules": Array [
                    "
	display: block;
	background: ",
                    "#EDEDED",
                    ";
	width: 220px;
	height: ",
                    "24px",
                    ";
",
                  ],
                },
                "displayName": "styled.span",
                "foldedComponentIds": Array [],
                "render": [Function],
                "styledComponentId": "sc-gqjmRU",
                "target": "span",
                "toString": [Function],
                "warnTooManyClasses": [Function],
                "withComponent": [Function],
              },
            },
            "type": Object {
              "$$typeof": Symbol(react.forward_ref),
              "attrs": Array [],
              "componentStyle": ComponentStyle {
                "componentId": "sc-dnqmqq",
                "isStatic": true,
                "rules": Array [
                  "
	color: ",
                  "#4A4A4A",
                  ";
	line-height: 1.4;
	margin: ",
                  "12px",
                  " 0;
",
                ],
              },
              "displayName": "styled.p",
              "foldedComponentIds": Array [],
              "render": [Function],
              "styledComponentId": "sc-dnqmqq",
              "target": "p",
              "toString": [Function],
              "warnTooManyClasses": [Function],
              "withComponent": [Function],
            },
          },
          Object {
            "instance": null,
            "key": undefined,
            "nodeType": "function",
            "props": Object {},
            "ref": null,
            "rendered": null,
            "type": Object {
              "$$typeof": Symbol(react.forward_ref),
              "attrs": Array [],
              "componentStyle": ComponentStyle {
                "componentId": "sc-jTzLTM",
                "isStatic": true,
                "rules": Array [
                  "
	background: ",
                  "#EDEDED",
                  ";
	width: 80px;
	height: 14px;
",
                ],
              },
              "displayName": "styled.div",
              "foldedComponentIds": Array [],
              "render": [Function],
              "styledComponentId": "sc-jTzLTM",
              "target": "div",
              "toString": [Function],
              "warnTooManyClasses": [Function],
              "withComponent": [Function],
            },
          },
        ],
        "type": Object {
          "$$typeof": Symbol(react.forward_ref),
          "attrs": Array [],
          "componentStyle": ComponentStyle {
            "componentId": "sc-bZQynM",
            "isStatic": true,
            "rules": Array [
              "
	margin: ",
              "8px",
              ";
",
            ],
          },
          "displayName": "styled.div",
          "foldedComponentIds": Array [],
          "render": [Function],
          "styledComponentId": "sc-bZQynM",
          "target": "div",
          "toString": [Function],
          "warnTooManyClasses": [Function],
          "withComponent": [Function],
        },
      },
      "type": Object {
        "$$typeof": Symbol(react.forward_ref),
        "attrs": Array [],
        "componentStyle": ComponentStyle {
          "componentId": "sc-EHOje",
          "isStatic": true,
          "rules": Array [
            "
	display: flex;
	border: 1px solid ",
            "#EDEDED",
            ";
",
          ],
        },
        "displayName": "styled.div",
        "foldedComponentIds": Array [],
        "render": [Function],
        "styledComponentId": "sc-EHOje",
        "target": "div",
        "toString": [Function],
        "warnTooManyClasses": [Function],
        "withComponent": [Function],
      },
    },
  ],
  Symbol(enzyme.__options__): Object {
    "adapter": ReactSixteenAdapter {
      "options": Object {
        "enableComponentDidUpdateOnSetState": true,
        "legacyContextMode": "parent",
        "lifecycles": Object {
          "componentDidUpdate": Object {
            "onSetState": true,
          },
          "getChildContext": Object {
            "calledByRenderer": false,
          },
          "getDerivedStateFromProps": true,
          "getSnapshotBeforeUpdate": true,
          "setState": Object {
            "skipsComponentDidUpdateOnNullish": true,
          },
        },
      },
    },
  },
}
`;
